[2026-07-09 13:31:29] Working dir: /home/runner/work/PMalert/PMalert
[2026-07-09 13:31:29] Fetching stations via getStations…
[2026-07-09 13:31:46] Fetching status for 1754 stations (concurrency=20)…
[2026-07-09 13:32:20] Fetching load for 1754 stations (concurrency=20)…
[2026-07-09 13:32:54] Wrote /home/runner/work/PMalert/PMalert/alerts_unreachable_gt48.json with 155 alert(s)
[2026-07-09 13:32:54] Wrote /home/runner/work/PMalert/PMalert/unreachable_event_counts.csv with 1,754 rows
[2026-07-09 13:32:54] Wrote /home/runner/work/PMalert/PMalert/unreachable_new.csv with 193 rows
[2026-07-09 13:32:54] Wrote /home/runner/work/PMalert/PMalert/pm_new.csv with 0 rows
[2026-07-09 13:32:54] Wrote /home/runner/work/PMalert/PMalert/status_latest_slim.csv with 1,609 rows
[2026-07-13 13:26:28] Working dir: /home/runner/work/PMalert/PMalert
[2026-07-13 13:26:28] Fetching stations via getStations…
[2026-07-13 13:26:40] Fetching status for 1755 stations (concurrency=20)…
[2026-07-13 13:27:07] Fetching load for 1755 stations (concurrency=20)…
[2026-07-13 13:27:31] Wrote /home/runner/work/PMalert/PMalert/alerts_unreachable_gt48.json with 195 alert(s)
[2026-07-13 13:27:31] Wrote /home/runner/work/PMalert/PMalert/unreachable_event_counts.csv with 1,755 rows
[2026-07-13 13:27:31] Wrote /home/runner/work/PMalert/PMalert/unreachable_new.csv with 199 rows
[2026-07-13 13:27:31] Wrote /home/runner/work/PMalert/PMalert/pm_new.csv with 0 rows
[2026-07-13 13:27:31] Wrote /home/runner/work/PMalert/PMalert/status_latest_slim.csv with 1,610 rows
[2026-07-14 17:44:13] Working dir: /home/runner/work/PMalert/PMalert
[2026-07-14 17:44:13] Fetching stations via getStations…
[2026-07-14 17:44:24] Fetching status for 1755 stations (concurrency=20)…
[2026-07-14 17:44:49] Fetching load for 1755 stations (concurrency=20)…
[2026-07-14 17:45:13] Wrote /home/runner/work/PMalert/PMalert/alerts_unreachable_gt24.json with 200 alert(s)
[2026-07-14 17:45:13] Wrote /home/runner/work/PMalert/PMalert/unreachable_event_counts.csv with 1,755 rows
[2026-07-14 17:45:13] Wrote /home/runner/work/PMalert/PMalert/unreachable_new.csv — 202 distinct Level 2 chargers unreachable so far this week (2026-W29)
[2026-07-14 17:45:13] Wrote /home/runner/work/PMalert/PMalert/pm_new.csv — 0 distinct Level 3 power module faults so far this week (2026-W29)
[2026-07-14 17:45:13] Wrote /home/runner/work/PMalert/PMalert/status_latest_slim.csv with 1,610 rows
[2026-07-15 01:43:18] Working dir: /home/runner/work/PMalert/PMalert
[2026-07-15 01:43:18] Fetching stations via getStations…
[2026-07-15 01:43:29] Fetching status for 1755 stations (concurrency=20)…
[2026-07-15 01:43:55] Fetching load for 1755 stations (concurrency=20)…
[2026-07-15 01:44:20] Wrote /home/runner/work/PMalert/PMalert/alerts_unreachable_gt24.json with 182 alert(s)
[2026-07-15 01:44:20] Wrote /home/runner/work/PMalert/PMalert/unreachable_event_counts.csv with 1,755 rows
[2026-07-15 01:44:20] Wrote /home/runner/work/PMalert/PMalert/unreachable_new.csv — 224 distinct Level 2 chargers unreachable so far this week (2026-W29)
[2026-07-15 01:44:20] Wrote /home/runner/work/PMalert/PMalert/pm_new.csv — 0 distinct Level 3 power module faults so far this week (2026-W29)
[2026-07-15 01:44:20] Wrote /home/runner/work/PMalert/PMalert/status_latest_slim.csv with 1,610 rows
[2026-07-15 07:53:46] Working dir: /home/runner/work/PMalert/PMalert
[2026-07-15 07:53:46] Fetching stations via getStations…
[2026-07-15 07:53:57] Fetching status for 1755 stations (concurrency=20)…
[2026-07-15 07:54:25] Fetching load for 1755 stations (concurrency=20)…
[2026-07-15 07:54:49] Wrote /home/runner/work/PMalert/PMalert/alerts_unreachable_gt24.json with 183 alert(s)
[2026-07-15 07:54:49] Wrote /home/runner/work/PMalert/PMalert/unreachable_event_counts.csv with 1,755 rows
[2026-07-15 07:54:49] Wrote /home/runner/work/PMalert/PMalert/unreachable_new.csv — 233 distinct Level 2 chargers unreachable so far this week (2026-W29)
[2026-07-15 07:54:49] Wrote /home/runner/work/PMalert/PMalert/pm_new.csv — 0 distinct Level 3 power module faults so far this week (2026-W29)
[2026-07-15 07:54:49] Wrote /home/runner/work/PMalert/PMalert/status_latest_slim.csv with 1,610 rows
[2026-07-15 13:18:34] Working dir: /home/runner/work/PMalert/PMalert
[2026-07-15 13:18:34] Fetching stations via getStations…
[2026-07-15 13:18:45] Fetching status for 1755 stations (concurrency=20)…
[2026-07-15 13:19:12] Fetching load for 1755 stations (concurrency=20)…
[2026-07-15 13:19:37] Wrote /home/runner/work/PMalert/PMalert/alerts_unreachable_gt24.json with 182 alert(s)
[2026-07-15 13:19:37] Wrote /home/runner/work/PMalert/PMalert/unreachable_event_counts.csv with 1,755 rows
[2026-07-15 13:19:37] Wrote /home/runner/work/PMalert/PMalert/unreachable_new.csv — 243 distinct Level 2 chargers unreachable so far this week (2026-W29)
[2026-07-15 13:19:37] Wrote /home/runner/work/PMalert/PMalert/pm_new.csv — 0 distinct Level 3 power module faults so far this week (2026-W29)
[2026-07-15 13:19:37] Wrote /home/runner/work/PMalert/PMalert/status_latest_slim.csv with 1,610 rows
[2026-07-15 18:58:56] Working dir: /home/runner/work/PMalert/PMalert
[2026-07-15 18:58:56] Fetching stations via getStations…
[2026-07-15 18:59:08] Fetching status for 1756 stations (concurrency=20)…
[2026-07-15 18:59:33] Fetching load for 1756 stations (concurrency=20)…
[2026-07-15 18:59:53] Wrote /home/runner/work/PMalert/PMalert/alerts_unreachable_gt24.json with 174 alert(s)
[2026-07-15 18:59:53] Wrote /home/runner/work/PMalert/PMalert/unreachable_event_counts.csv with 1,756 rows
[2026-07-15 18:59:53] Wrote /home/runner/work/PMalert/PMalert/unreachable_new.csv — 256 distinct Level 2 chargers unreachable so far this week (2026-W29)
[2026-07-15 18:59:53] Wrote /home/runner/work/PMalert/PMalert/pm_new.csv — 0 distinct Level 3 power module faults so far this week (2026-W29)
[2026-07-15 18:59:53] Wrote /home/runner/work/PMalert/PMalert/status_latest_slim.csv with 1,611 rows
[2026-07-16 01:53:25] Working dir: /home/runner/work/PMalert/PMalert
[2026-07-16 01:53:25] Fetching stations via getStations…
[2026-07-16 01:53:36] Fetching status for 1756 stations (concurrency=20)…
[2026-07-16 01:54:00] Fetching load for 1756 stations (concurrency=20)…
[2026-07-16 01:54:23] Wrote /home/runner/work/PMalert/PMalert/alerts_unreachable_gt24.json with 168 alert(s)
[2026-07-16 01:54:23] Wrote /home/runner/work/PMalert/PMalert/unreachable_event_counts.csv with 1,756 rows
[2026-07-16 01:54:23] Wrote /home/runner/work/PMalert/PMalert/unreachable_new.csv — 276 distinct Level 2 chargers unreachable so far this week (2026-W29)
[2026-07-16 01:54:23] Wrote /home/runner/work/PMalert/PMalert/pm_new.csv — 0 distinct Level 3 power module faults so far this week (2026-W29)
[2026-07-16 01:54:23] Wrote /home/runner/work/PMalert/PMalert/status_latest_slim.csv with 1,611 rows
[2026-07-16 07:59:33] Working dir: /home/runner/work/PMalert/PMalert
[2026-07-16 07:59:33] Fetching stations via getStations…
[2026-07-16 07:59:44] Fetching status for 1756 stations (concurrency=20)…
[2026-07-16 08:00:14] Fetching load for 1756 stations (concurrency=20)…
[2026-07-16 08:00:39] Wrote /home/runner/work/PMalert/PMalert/alerts_unreachable_gt24.json with 168 alert(s)
[2026-07-16 08:00:39] Wrote /home/runner/work/PMalert/PMalert/unreachable_event_counts.csv with 1,756 rows
[2026-07-16 08:00:39] Wrote /home/runner/work/PMalert/PMalert/unreachable_new.csv — 280 distinct Level 2 chargers unreachable so far this week (2026-W29)
[2026-07-16 08:00:39] Wrote /home/runner/work/PMalert/PMalert/pm_new.csv — 0 distinct Level 3 power module faults so far this week (2026-W29)
[2026-07-16 08:00:39] Wrote /home/runner/work/PMalert/PMalert/status_latest_slim.csv with 1,611 rows
[2026-07-16 13:26:10] Working dir: /home/runner/work/PMalert/PMalert
[2026-07-16 13:26:10] Fetching stations via getStations…
[2026-07-16 13:26:21] Fetching status for 1756 stations (concurrency=20)…
[2026-07-16 13:26:45] Fetching load for 1756 stations (concurrency=20)…
[2026-07-16 13:27:05] Wrote /home/runner/work/PMalert/PMalert/alerts_unreachable_gt24.json with 168 alert(s)
[2026-07-16 13:27:05] Wrote /home/runner/work/PMalert/PMalert/unreachable_event_counts.csv with 1,756 rows
[2026-07-16 13:27:05] Wrote /home/runner/work/PMalert/PMalert/unreachable_new.csv — 285 distinct Level 2 chargers unreachable so far this week (2026-W29)
[2026-07-16 13:27:05] Wrote /home/runner/work/PMalert/PMalert/pm_new.csv — 0 distinct Level 3 power module faults so far this week (2026-W29)
[2026-07-16 13:27:05] Wrote /home/runner/work/PMalert/PMalert/status_latest_slim.csv with 1,611 rows
[2026-07-16 18:59:08] Working dir: /home/runner/work/PMalert/PMalert
[2026-07-16 18:59:08] Fetching stations via getStations…
[2026-07-16 18:59:20] Fetching status for 1756 stations (concurrency=20)…
[2026-07-16 18:59:50] Fetching load for 1756 stations (concurrency=20)…
[2026-07-16 19:00:31] Wrote /home/runner/work/PMalert/PMalert/alerts_unreachable_gt24.json with 170 alert(s)
[2026-07-16 19:00:31] Wrote /home/runner/work/PMalert/PMalert/unreachable_event_counts.csv with 1,756 rows
[2026-07-16 19:00:31] Wrote /home/runner/work/PMalert/PMalert/unreachable_new.csv — 290 distinct Level 2 chargers unreachable so far this week (2026-W29)
[2026-07-16 19:00:31] Wrote /home/runner/work/PMalert/PMalert/pm_new.csv — 0 distinct Level 3 power module faults so far this week (2026-W29)
[2026-07-16 19:00:31] Wrote /home/runner/work/PMalert/PMalert/status_latest_slim.csv with 1,611 rows
[2026-07-17 01:57:16] Working dir: /home/runner/work/PMalert/PMalert
[2026-07-17 01:57:16] Fetching stations via getStations…
[2026-07-17 01:57:27] Fetching status for 1756 stations (concurrency=20)…
[2026-07-17 01:57:50] Fetching load for 1756 stations (concurrency=20)…
[2026-07-17 01:58:10] Wrote /home/runner/work/PMalert/PMalert/alerts_unreachable_gt24.json with 176 alert(s)
[2026-07-17 01:58:10] Wrote /home/runner/work/PMalert/PMalert/unreachable_event_counts.csv with 1,756 rows
[2026-07-17 01:58:10] Wrote /home/runner/work/PMalert/PMalert/unreachable_new.csv — 294 distinct Level 2 chargers unreachable so far this week (2026-W29)
[2026-07-17 01:58:10] Wrote /home/runner/work/PMalert/PMalert/pm_new.csv — 0 distinct Level 3 power module faults so far this week (2026-W29)
[2026-07-17 01:58:10] Wrote /home/runner/work/PMalert/PMalert/status_latest_slim.csv with 1,611 rows
[2026-07-17 07:55:48] Working dir: /home/runner/work/PMalert/PMalert
[2026-07-17 07:55:48] Fetching stations via getStations…
[2026-07-17 07:56:02] Fetching status for 1756 stations (concurrency=20)…
[2026-07-17 07:56:24] Fetching load for 1756 stations (concurrency=20)…
[2026-07-17 07:56:42] Wrote /home/runner/work/PMalert/PMalert/alerts_unreachable_gt24.json with 175 alert(s)
[2026-07-17 07:56:42] Wrote /home/runner/work/PMalert/PMalert/unreachable_event_counts.csv with 1,756 rows
[2026-07-17 07:56:42] Wrote /home/runner/work/PMalert/PMalert/unreachable_new.csv — 297 distinct Level 2 chargers unreachable so far this week (2026-W29)
[2026-07-17 07:56:42] Wrote /home/runner/work/PMalert/PMalert/pm_new.csv — 0 distinct Level 3 power module faults so far this week (2026-W29)
[2026-07-17 07:56:42] Wrote /home/runner/work/PMalert/PMalert/status_latest_slim.csv with 1,611 rows
[2026-07-17 13:10:22] Working dir: /home/runner/work/PMalert/PMalert
[2026-07-17 13:10:22] Fetching stations via getStations…
[2026-07-17 13:10:35] Fetching status for 1756 stations (concurrency=20)…
[2026-07-17 13:11:08] Fetching load for 1756 stations (concurrency=20)…
[2026-07-17 13:11:34] Wrote /home/runner/work/PMalert/PMalert/alerts_unreachable_gt24.json with 172 alert(s)
[2026-07-17 13:11:34] Wrote /home/runner/work/PMalert/PMalert/unreachable_event_counts.csv with 1,756 rows
[2026-07-17 13:11:34] Wrote /home/runner/work/PMalert/PMalert/unreachable_new.csv — 301 distinct Level 2 chargers unreachable so far this week (2026-W29)
[2026-07-17 13:11:34] Wrote /home/runner/work/PMalert/PMalert/pm_new.csv — 0 distinct Level 3 power module faults so far this week (2026-W29)
[2026-07-17 13:11:34] Wrote /home/runner/work/PMalert/PMalert/status_latest_slim.csv with 1,611 rows
[2026-07-17 18:55:58] Working dir: /home/runner/work/PMalert/PMalert
[2026-07-17 18:55:58] Fetching stations via getStations…
[2026-07-17 18:56:19] Fetching status for 1756 stations (concurrency=20)…
[2026-07-17 18:57:05] Fetching load for 1756 stations (concurrency=20)…
[2026-07-17 18:57:29] Wrote /home/runner/work/PMalert/PMalert/alerts_unreachable_gt24.json with 170 alert(s)
[2026-07-17 18:57:29] Wrote /home/runner/work/PMalert/PMalert/unreachable_event_counts.csv with 1,756 rows
[2026-07-17 18:57:29] Wrote /home/runner/work/PMalert/PMalert/unreachable_new.csv — 306 distinct Level 2 chargers unreachable so far this week (2026-W29)
[2026-07-17 18:57:29] Wrote /home/runner/work/PMalert/PMalert/pm_new.csv — 0 distinct Level 3 power module faults so far this week (2026-W29)
[2026-07-17 18:57:29] Wrote /home/runner/work/PMalert/PMalert/status_latest_slim.csv with 1,611 rows
[2026-07-18 01:46:55] Working dir: /home/runner/work/PMalert/PMalert
[2026-07-18 01:46:55] Fetching stations via getStations…
[2026-07-18 01:47:06] Fetching status for 1756 stations (concurrency=20)…
[2026-07-18 01:47:29] Fetching load for 1756 stations (concurrency=20)…
[2026-07-18 01:47:50] Wrote /home/runner/work/PMalert/PMalert/alerts_unreachable_gt24.json with 171 alert(s)
[2026-07-18 01:47:50] Wrote /home/runner/work/PMalert/PMalert/unreachable_event_counts.csv with 1,756 rows
[2026-07-18 01:47:50] Wrote /home/runner/work/PMalert/PMalert/unreachable_new.csv — 309 distinct Level 2 chargers unreachable so far this week (2026-W29)
[2026-07-18 01:47:50] Wrote /home/runner/work/PMalert/PMalert/pm_new.csv — 0 distinct Level 3 power module faults so far this week (2026-W29)
[2026-07-18 01:47:50] Wrote /home/runner/work/PMalert/PMalert/status_latest_slim.csv with 1,611 rows
[2026-07-18 07:29:57] Working dir: /home/runner/work/PMalert/PMalert
[2026-07-18 07:29:57] Fetching stations via getStations…
[2026-07-18 07:30:11] Fetching status for 1756 stations (concurrency=20)…
[2026-07-18 07:30:40] Fetching load for 1756 stations (concurrency=20)…
[2026-07-18 07:31:08] Wrote /home/runner/work/PMalert/PMalert/alerts_unreachable_gt24.json with 169 alert(s)
[2026-07-18 07:31:08] Wrote /home/runner/work/PMalert/PMalert/unreachable_event_counts.csv with 1,756 rows
[2026-07-18 07:31:09] Wrote /home/runner/work/PMalert/PMalert/unreachable_new.csv — 311 distinct Level 2 chargers unreachable so far this week (2026-W29)
[2026-07-18 07:31:09] Wrote /home/runner/work/PMalert/PMalert/pm_new.csv — 0 distinct Level 3 power module faults so far this week (2026-W29)
[2026-07-18 07:31:09] Wrote /home/runner/work/PMalert/PMalert/status_latest_slim.csv with 1,611 rows
[2026-07-18 12:56:53] Working dir: /home/runner/work/PMalert/PMalert
[2026-07-18 12:56:53] Fetching stations via getStations…
[2026-07-18 12:57:05] Fetching status for 1756 stations (concurrency=20)…
[2026-07-18 12:57:30] Fetching load for 1756 stations (concurrency=20)…
[2026-07-18 12:57:52] Wrote /home/runner/work/PMalert/PMalert/alerts_unreachable_gt24.json with 165 alert(s)
[2026-07-18 12:57:52] Wrote /home/runner/work/PMalert/PMalert/unreachable_event_counts.csv with 1,756 rows
[2026-07-18 12:57:52] Wrote /home/runner/work/PMalert/PMalert/unreachable_new.csv — 313 distinct Level 2 chargers unreachable so far this week (2026-W29)
[2026-07-18 12:57:52] Wrote /home/runner/work/PMalert/PMalert/pm_new.csv — 0 distinct Level 3 power module faults so far this week (2026-W29)
[2026-07-18 12:57:52] Wrote /home/runner/work/PMalert/PMalert/status_latest_slim.csv with 1,611 rows
[2026-07-18 18:52:02] Working dir: /home/runner/work/PMalert/PMalert
[2026-07-18 18:52:02] Fetching stations via getStations…
[2026-07-18 18:52:14] Fetching status for 1756 stations (concurrency=20)…
[2026-07-18 18:52:43] Fetching load for 1756 stations (concurrency=20)…
[2026-07-18 18:53:08] Wrote /home/runner/work/PMalert/PMalert/alerts_unreachable_gt24.json with 163 alert(s)
[2026-07-18 18:53:08] Wrote /home/runner/work/PMalert/PMalert/unreachable_event_counts.csv with 1,756 rows
[2026-07-18 18:53:08] Wrote /home/runner/work/PMalert/PMalert/unreachable_new.csv — 318 distinct Level 2 chargers unreachable so far this week (2026-W29)
[2026-07-18 18:53:08] Wrote /home/runner/work/PMalert/PMalert/pm_new.csv — 0 distinct Level 3 power module faults so far this week (2026-W29)
[2026-07-18 18:53:08] Wrote /home/runner/work/PMalert/PMalert/status_latest_slim.csv with 1,611 rows
[2026-07-19 01:56:03] Working dir: /home/runner/work/PMalert/PMalert
[2026-07-19 01:56:03] Fetching stations via getStations…
[2026-07-19 01:56:14] Fetching status for 1756 stations (concurrency=20)…
[2026-07-19 01:56:38] Fetching load for 1756 stations (concurrency=20)…
[2026-07-19 01:56:56] Wrote /home/runner/work/PMalert/PMalert/alerts_unreachable_gt24.json with 166 alert(s)
[2026-07-19 01:56:56] Wrote /home/runner/work/PMalert/PMalert/unreachable_event_counts.csv with 1,756 rows
[2026-07-19 01:56:56] Wrote /home/runner/work/PMalert/PMalert/unreachable_new.csv — 320 distinct Level 2 chargers unreachable so far this week (2026-W29)
[2026-07-19 01:56:56] Wrote /home/runner/work/PMalert/PMalert/pm_new.csv — 0 distinct Level 3 power module faults so far this week (2026-W29)
[2026-07-19 01:56:56] Wrote /home/runner/work/PMalert/PMalert/status_latest_slim.csv with 1,611 rows
[2026-07-19 08:03:20] Working dir: /home/runner/work/PMalert/PMalert
[2026-07-19 08:03:20] Fetching stations via getStations…
[2026-07-19 08:03:32] Fetching status for 1756 stations (concurrency=20)…
[2026-07-19 08:03:58] Fetching load for 1756 stations (concurrency=20)…
[2026-07-19 08:04:22] Wrote /home/runner/work/PMalert/PMalert/alerts_unreachable_gt24.json with 171 alert(s)
[2026-07-19 08:04:22] Wrote /home/runner/work/PMalert/PMalert/unreachable_event_counts.csv with 1,756 rows
[2026-07-19 08:04:22] Wrote /home/runner/work/PMalert/PMalert/unreachable_new.csv — 320 distinct Level 2 chargers unreachable so far this week (2026-W29)
[2026-07-19 08:04:22] Wrote /home/runner/work/PMalert/PMalert/pm_new.csv — 0 distinct Level 3 power module faults so far this week (2026-W29)
[2026-07-19 08:04:22] Wrote /home/runner/work/PMalert/PMalert/status_latest_slim.csv with 1,611 rows
[2026-07-19 12:59:07] Working dir: /home/runner/work/PMalert/PMalert
[2026-07-19 12:59:07] Fetching stations via getStations…
[2026-07-19 12:59:19] Fetching status for 1756 stations (concurrency=20)…
[2026-07-19 12:59:45] Fetching load for 1756 stations (concurrency=20)…
[2026-07-19 13:00:15] Wrote /home/runner/work/PMalert/PMalert/alerts_unreachable_gt24.json with 170 alert(s)
[2026-07-19 13:00:15] Wrote /home/runner/work/PMalert/PMalert/unreachable_event_counts.csv with 1,756 rows
[2026-07-19 13:00:15] Wrote /home/runner/work/PMalert/PMalert/unreachable_new.csv — 321 distinct Level 2 chargers unreachable so far this week (2026-W29)
[2026-07-19 13:00:15] Wrote /home/runner/work/PMalert/PMalert/pm_new.csv — 0 distinct Level 3 power module faults so far this week (2026-W29)
[2026-07-19 13:00:15] Wrote /home/runner/work/PMalert/PMalert/status_latest_slim.csv with 1,611 rows
[2026-07-19 18:54:29] Working dir: /home/runner/work/PMalert/PMalert
[2026-07-19 18:54:29] Fetching stations via getStations…
[2026-07-19 18:54:40] Fetching status for 1756 stations (concurrency=20)…
[2026-07-19 18:55:10] Fetching load for 1756 stations (concurrency=20)…
[2026-07-19 18:55:36] Wrote /home/runner/work/PMalert/PMalert/alerts_unreachable_gt24.json with 161 alert(s)
[2026-07-19 18:55:36] Wrote /home/runner/work/PMalert/PMalert/unreachable_event_counts.csv with 1,756 rows
[2026-07-19 18:55:36] Wrote /home/runner/work/PMalert/PMalert/unreachable_new.csv — 323 distinct Level 2 chargers unreachable so far this week (2026-W29)
[2026-07-19 18:55:36] Wrote /home/runner/work/PMalert/PMalert/pm_new.csv — 0 distinct Level 3 power module faults so far this week (2026-W29)
[2026-07-19 18:55:36] Wrote /home/runner/work/PMalert/PMalert/status_latest_slim.csv with 1,611 rows
[2026-07-20 02:12:23] Working dir: /home/runner/work/PMalert/PMalert
[2026-07-20 02:12:23] Fetching stations via getStations…
[2026-07-20 02:12:34] Fetching status for 1756 stations (concurrency=20)…
[2026-07-20 02:13:01] Fetching load for 1756 stations (concurrency=20)…
[2026-07-20 02:13:26] Wrote /home/runner/work/PMalert/PMalert/alerts_unreachable_gt24.json with 164 alert(s)
[2026-07-20 02:13:26] Wrote /home/runner/work/PMalert/PMalert/unreachable_event_counts.csv with 1,756 rows
[2026-07-20 02:13:26] New week detected (2026-W29 -> 2026-W30); archived last week's totals and reset counters.
[2026-07-20 02:13:26] Wrote /home/runner/work/PMalert/PMalert/unreachable_new.csv — 194 distinct Level 2 chargers unreachable so far this week (2026-W30)
[2026-07-20 02:13:26] Wrote /home/runner/work/PMalert/PMalert/pm_new.csv — 0 distinct Level 3 power module faults so far this week (2026-W30)
[2026-07-20 02:13:26] Wrote /home/runner/work/PMalert/PMalert/status_latest_slim.csv with 1,611 rows
[2026-07-20 08:44:13] Working dir: /home/runner/work/PMalert/PMalert
[2026-07-20 08:44:13] Fetching stations via getStations…
[2026-07-20 08:44:26] Fetching status for 1756 stations (concurrency=20)…
[2026-07-20 08:44:54] Fetching load for 1756 stations (concurrency=20)…
[2026-07-20 08:45:23] Wrote /home/runner/work/PMalert/PMalert/alerts_unreachable_gt24.json with 163 alert(s)
[2026-07-20 08:45:23] Wrote /home/runner/work/PMalert/PMalert/unreachable_event_counts.csv with 1,756 rows
[2026-07-20 08:45:23] Wrote /home/runner/work/PMalert/PMalert/unreachable_new.csv — 210 distinct Level 2 chargers unreachable so far this week (2026-W30)
[2026-07-20 08:45:23] Wrote /home/runner/work/PMalert/PMalert/pm_new.csv — 0 distinct Level 3 power module faults so far this week (2026-W30)
[2026-07-20 08:45:23] Wrote /home/runner/work/PMalert/PMalert/status_latest_slim.csv with 1,611 rows
[2026-07-20 13:51:31] Working dir: /home/runner/work/PMalert/PMalert
[2026-07-20 13:51:31] Fetching stations via getStations…
[2026-07-20 13:51:43] Fetching status for 1756 stations (concurrency=20)…
[2026-07-20 13:52:11] Fetching load for 1756 stations (concurrency=20)…
[2026-07-20 13:52:36] Wrote /home/runner/work/PMalert/PMalert/alerts_unreachable_gt24.json with 162 alert(s)
[2026-07-20 13:52:36] Wrote /home/runner/work/PMalert/PMalert/unreachable_event_counts.csv with 1,756 rows
[2026-07-20 13:52:36] Wrote /home/runner/work/PMalert/PMalert/unreachable_new.csv — 229 distinct Level 2 chargers unreachable so far this week (2026-W30)
[2026-07-20 13:52:36] Wrote /home/runner/work/PMalert/PMalert/pm_new.csv — 0 distinct Level 3 power module faults so far this week (2026-W30)
[2026-07-20 13:52:36] Wrote /home/runner/work/PMalert/PMalert/status_latest_slim.csv with 1,611 rows
[2026-07-20 19:28:15] Working dir: /home/runner/work/PMalert/PMalert
[2026-07-20 19:28:15] Fetching stations via getStations…
[2026-07-20 19:28:28] Fetching status for 1756 stations (concurrency=20)…
[2026-07-20 19:28:57] Fetching load for 1756 stations (concurrency=20)…
[2026-07-20 19:29:23] Wrote /home/runner/work/PMalert/PMalert/alerts_unreachable_gt24.json with 158 alert(s)
[2026-07-20 19:29:23] Wrote /home/runner/work/PMalert/PMalert/unreachable_event_counts.csv with 1,756 rows
[2026-07-20 19:29:23] Wrote /home/runner/work/PMalert/PMalert/unreachable_new.csv — 242 distinct Level 2 chargers unreachable so far this week (2026-W30)
[2026-07-20 19:29:23] Wrote /home/runner/work/PMalert/PMalert/pm_new.csv — 0 distinct Level 3 power module faults so far this week (2026-W30)
[2026-07-20 19:29:23] Wrote /home/runner/work/PMalert/PMalert/status_latest_slim.csv with 1,611 rows
[2026-07-21 01:55:26] Working dir: /home/runner/work/PMalert/PMalert
[2026-07-21 01:55:26] Fetching stations via getStations…
[2026-07-21 01:55:38] Fetching status for 1756 stations (concurrency=20)…
[2026-07-21 01:56:10] Fetching load for 1756 stations (concurrency=20)…
[2026-07-21 01:56:35] Wrote /home/runner/work/PMalert/PMalert/alerts_unreachable_gt24.json with 161 alert(s)
[2026-07-21 01:56:35] Wrote /home/runner/work/PMalert/PMalert/unreachable_event_counts.csv with 1,756 rows
[2026-07-21 01:56:35] Wrote /home/runner/work/PMalert/PMalert/unreachable_new.csv — 255 distinct Level 2 chargers unreachable so far this week (2026-W30)
[2026-07-21 01:56:35] Wrote /home/runner/work/PMalert/PMalert/pm_new.csv — 0 distinct Level 3 power module faults so far this week (2026-W30)
[2026-07-21 01:56:35] Wrote /home/runner/work/PMalert/PMalert/status_latest_slim.csv with 1,611 rows
[2026-07-21 08:11:36] Working dir: /home/runner/work/PMalert/PMalert
[2026-07-21 08:11:36] Fetching stations via getStations…
[2026-07-21 08:11:47] Fetching status for 1756 stations (concurrency=20)…
[2026-07-21 08:12:15] Fetching load for 1756 stations (concurrency=20)…
[2026-07-21 08:12:39] Wrote /home/runner/work/PMalert/PMalert/alerts_unreachable_gt24.json with 161 alert(s)
[2026-07-21 08:12:39] Wrote /home/runner/work/PMalert/PMalert/unreachable_event_counts.csv with 1,756 rows
[2026-07-21 08:12:39] Wrote /home/runner/work/PMalert/PMalert/unreachable_new.csv — 260 distinct Level 2 chargers unreachable so far this week (2026-W30)
[2026-07-21 08:12:39] Wrote /home/runner/work/PMalert/PMalert/pm_new.csv — 0 distinct Level 3 power module faults so far this week (2026-W30)
[2026-07-21 08:12:39] Wrote /home/runner/work/PMalert/PMalert/status_latest_slim.csv with 1,611 rows
[2026-07-21 13:21:04] Working dir: /home/runner/work/PMalert/PMalert
[2026-07-21 13:21:04] Fetching stations via getStations…
[2026-07-21 13:21:17] Fetching status for 1756 stations (concurrency=20)…
[2026-07-21 13:21:41] Fetching load for 1756 stations (concurrency=20)…
[2026-07-21 13:22:04] Wrote /home/runner/work/PMalert/PMalert/alerts_unreachable_gt24.json with 167 alert(s)
[2026-07-21 13:22:04] Wrote /home/runner/work/PMalert/PMalert/unreachable_event_counts.csv with 1,756 rows
[2026-07-21 13:22:04] Wrote /home/runner/work/PMalert/PMalert/unreachable_new.csv — 267 distinct Level 2 chargers unreachable so far this week (2026-W30)
[2026-07-21 13:22:04] Wrote /home/runner/work/PMalert/PMalert/pm_new.csv — 0 distinct Level 3 power module faults so far this week (2026-W30)
[2026-07-21 13:22:04] Wrote /home/runner/work/PMalert/PMalert/status_latest_slim.csv with 1,611 rows
[2026-07-21 19:06:52] Working dir: /home/runner/work/PMalert/PMalert
[2026-07-21 19:06:52] Fetching stations via getStations…
[2026-07-21 19:07:06] Fetching status for 1756 stations (concurrency=20)…
[2026-07-21 19:07:36] Fetching load for 1756 stations (concurrency=20)…
[2026-07-21 19:08:03] Wrote /home/runner/work/PMalert/PMalert/alerts_unreachable_gt24.json with 165 alert(s)
[2026-07-21 19:08:03] Wrote /home/runner/work/PMalert/PMalert/unreachable_event_counts.csv with 1,756 rows
[2026-07-21 19:08:03] Wrote /home/runner/work/PMalert/PMalert/unreachable_new.csv — 277 distinct Level 2 chargers unreachable so far this week (2026-W30)
[2026-07-21 19:08:03] Wrote /home/runner/work/PMalert/PMalert/pm_new.csv — 0 distinct Level 3 power module faults so far this week (2026-W30)
[2026-07-21 19:08:03] Wrote /home/runner/work/PMalert/PMalert/status_latest_slim.csv with 1,611 rows
[2026-07-22 01:54:01] Working dir: /home/runner/work/PMalert/PMalert
[2026-07-22 01:54:01] Fetching stations via getStations…
[2026-07-22 01:54:14] Fetching status for 1756 stations (concurrency=20)…
[2026-07-22 01:54:38] Fetching load for 1756 stations (concurrency=20)…
[2026-07-22 01:54:58] Wrote /home/runner/work/PMalert/PMalert/alerts_unreachable_gt24.json with 167 alert(s)
[2026-07-22 01:54:58] Wrote /home/runner/work/PMalert/PMalert/unreachable_event_counts.csv with 1,756 rows
[2026-07-22 01:54:58] Wrote /home/runner/work/PMalert/PMalert/unreachable_new.csv — 284 distinct Level 2 chargers unreachable so far this week (2026-W30)
[2026-07-22 01:54:58] Wrote /home/runner/work/PMalert/PMalert/pm_new.csv — 0 distinct Level 3 power module faults so far this week (2026-W30)
[2026-07-22 01:54:58] Wrote /home/runner/work/PMalert/PMalert/status_latest_slim.csv with 1,611 rows
[2026-07-22 08:12:10] Working dir: /home/runner/work/PMalert/PMalert
[2026-07-22 08:12:10] Fetching stations via getStations…
[2026-07-22 08:12:21] Fetching status for 1756 stations (concurrency=20)…
[2026-07-22 08:12:47] Fetching load for 1756 stations (concurrency=20)…
[2026-07-22 08:13:12] Wrote /home/runner/work/PMalert/PMalert/alerts_unreachable_gt24.json with 170 alert(s)
[2026-07-22 08:13:12] Wrote /home/runner/work/PMalert/PMalert/unreachable_event_counts.csv with 1,756 rows
[2026-07-22 08:13:12] Wrote /home/runner/work/PMalert/PMalert/unreachable_new.csv — 285 distinct Level 2 chargers unreachable so far this week (2026-W30)
[2026-07-22 08:13:12] Wrote /home/runner/work/PMalert/PMalert/pm_new.csv — 0 distinct Level 3 power module faults so far this week (2026-W30)
[2026-07-22 08:13:12] Wrote /home/runner/work/PMalert/PMalert/status_latest_slim.csv with 1,611 rows
[2026-07-22 13:25:20] Working dir: /home/runner/work/PMalert/PMalert
[2026-07-22 13:25:20] Fetching stations via getStations…
[2026-07-22 13:25:33] Fetching status for 1756 stations (concurrency=20)…
[2026-07-22 13:26:03] Fetching load for 1756 stations (concurrency=20)…
[2026-07-22 13:26:33] Wrote /home/runner/work/PMalert/PMalert/alerts_unreachable_gt24.json with 174 alert(s)
[2026-07-22 13:26:33] Wrote /home/runner/work/PMalert/PMalert/unreachable_event_counts.csv with 1,756 rows
[2026-07-22 13:26:33] Wrote /home/runner/work/PMalert/PMalert/unreachable_new.csv — 290 distinct Level 2 chargers unreachable so far this week (2026-W30)
[2026-07-22 13:26:33] Wrote /home/runner/work/PMalert/PMalert/pm_new.csv — 0 distinct Level 3 power module faults so far this week (2026-W30)
[2026-07-22 13:26:33] Wrote /home/runner/work/PMalert/PMalert/status_latest_slim.csv with 1,611 rows
[2026-07-22 19:00:21] Working dir: /home/runner/work/PMalert/PMalert
[2026-07-22 19:00:21] Fetching stations via getStations…
[2026-07-22 19:00:37] Fetching status for 1762 stations (concurrency=20)…
[2026-07-22 19:01:17] Fetching load for 1762 stations (concurrency=20)…
[2026-07-22 19:01:46] Wrote /home/runner/work/PMalert/PMalert/alerts_unreachable_gt24.json with 168 alert(s)
[2026-07-22 19:01:46] Wrote /home/runner/work/PMalert/PMalert/unreachable_event_counts.csv with 1,762 rows
[2026-07-22 19:01:46] Wrote /home/runner/work/PMalert/PMalert/unreachable_new.csv — 299 distinct Level 2 chargers unreachable so far this week (2026-W30)
[2026-07-22 19:01:46] Wrote /home/runner/work/PMalert/PMalert/pm_new.csv — 0 distinct Level 3 power module faults so far this week (2026-W30)
[2026-07-22 19:01:46] Wrote /home/runner/work/PMalert/PMalert/status_latest_slim.csv with 1,617 rows
[2026-07-23 02:02:12] Working dir: /home/runner/work/PMalert/PMalert
[2026-07-23 02:02:12] Fetching stations via getStations…
[2026-07-23 02:02:25] Fetching status for 1762 stations (concurrency=20)…
[2026-07-23 02:02:54] Fetching load for 1762 stations (concurrency=20)…
[2026-07-23 02:03:10] HTTP/SOAP error (try 1/3): 503 Server Error: Service Unavailable for url: https://webservices.chargepoint.com/webservices/chargepoint/services/5.1
[2026-07-23 02:03:21] Wrote /home/runner/work/PMalert/PMalert/alerts_unreachable_gt24.json with 168 alert(s)
[2026-07-23 02:03:21] Wrote /home/runner/work/PMalert/PMalert/unreachable_event_counts.csv with 1,762 rows
[2026-07-23 02:03:21] Wrote /home/runner/work/PMalert/PMalert/unreachable_new.csv — 310 distinct Level 2 chargers unreachable so far this week (2026-W30)
[2026-07-23 02:03:21] Wrote /home/runner/work/PMalert/PMalert/pm_new.csv — 0 distinct Level 3 power module faults so far this week (2026-W30)
[2026-07-23 02:03:21] Wrote /home/runner/work/PMalert/PMalert/status_latest_slim.csv with 1,617 rows
[2026-07-23 08:15:24] Working dir: /home/runner/work/PMalert/PMalert
[2026-07-23 08:15:24] Fetching stations via getStations…
[2026-07-23 08:15:36] Fetching status for 1762 stations (concurrency=20)…
[2026-07-23 08:16:04] Fetching load for 1762 stations (concurrency=20)…
[2026-07-23 08:16:29] Wrote /home/runner/work/PMalert/PMalert/alerts_unreachable_gt24.json with 170 alert(s)
[2026-07-23 08:16:29] Wrote /home/runner/work/PMalert/PMalert/unreachable_event_counts.csv with 1,762 rows
[2026-07-23 08:16:29] Wrote /home/runner/work/PMalert/PMalert/unreachable_new.csv — 315 distinct Level 2 chargers unreachable so far this week (2026-W30)
[2026-07-23 08:16:29] Wrote /home/runner/work/PMalert/PMalert/pm_new.csv — 0 distinct Level 3 power module faults so far this week (2026-W30)
[2026-07-23 08:16:29] Wrote /home/runner/work/PMalert/PMalert/status_latest_slim.csv with 1,617 rows
[2026-07-23 13:28:43] Working dir: /home/runner/work/PMalert/PMalert
[2026-07-23 13:28:43] Fetching stations via getStations…
[2026-07-23 13:28:57] Fetching status for 1762 stations (concurrency=20)…
[2026-07-23 13:29:23] Fetching load for 1762 stations (concurrency=20)…
[2026-07-23 13:29:46] Wrote /home/runner/work/PMalert/PMalert/alerts_unreachable_gt24.json with 166 alert(s)
[2026-07-23 13:29:46] Wrote /home/runner/work/PMalert/PMalert/unreachable_event_counts.csv with 1,762 rows
[2026-07-23 13:29:46] Wrote /home/runner/work/PMalert/PMalert/unreachable_new.csv — 322 distinct Level 2 chargers unreachable so far this week (2026-W30)
[2026-07-23 13:29:46] Wrote /home/runner/work/PMalert/PMalert/pm_new.csv — 0 distinct Level 3 power module faults so far this week (2026-W30)
[2026-07-23 13:29:46] Wrote /home/runner/work/PMalert/PMalert/status_latest_slim.csv with 1,617 rows
[2026-07-23 19:02:50] Working dir: /home/runner/work/PMalert/PMalert
[2026-07-23 19:02:50] Fetching stations via getStations…
[2026-07-23 19:03:03] Fetching status for 1763 stations (concurrency=20)…
[2026-07-23 19:03:34] Fetching load for 1763 stations (concurrency=20)…
[2026-07-23 19:04:00] Wrote /home/runner/work/PMalert/PMalert/alerts_unreachable_gt24.json with 164 alert(s)
[2026-07-23 19:04:00] Wrote /home/runner/work/PMalert/PMalert/unreachable_event_counts.csv with 1,763 rows
[2026-07-23 19:04:00] Wrote /home/runner/work/PMalert/PMalert/unreachable_new.csv — 332 distinct Level 2 chargers unreachable so far this week (2026-W30)
[2026-07-23 19:04:00] Wrote /home/runner/work/PMalert/PMalert/pm_new.csv — 0 distinct Level 3 power module faults so far this week (2026-W30)
[2026-07-23 19:04:00] Wrote /home/runner/work/PMalert/PMalert/status_latest_slim.csv with 1,618 rows
[2026-07-24 01:57:14] Working dir: /home/runner/work/PMalert/PMalert
[2026-07-24 01:57:14] Fetching stations via getStations…
[2026-07-24 01:57:25] Fetching status for 1763 stations (concurrency=20)…
[2026-07-24 01:57:50] Fetching load for 1763 stations (concurrency=20)…
[2026-07-24 01:58:13] Wrote /home/runner/work/PMalert/PMalert/alerts_unreachable_gt24.json with 168 alert(s)
[2026-07-24 01:58:13] Wrote /home/runner/work/PMalert/PMalert/unreachable_event_counts.csv with 1,763 rows
[2026-07-24 01:58:13] Wrote /home/runner/work/PMalert/PMalert/unreachable_new.csv — 336 distinct Level 2 chargers unreachable so far this week (2026-W30)
[2026-07-24 01:58:13] Wrote /home/runner/work/PMalert/PMalert/pm_new.csv — 0 distinct Level 3 power module faults so far this week (2026-W30)
[2026-07-24 01:58:13] Wrote /home/runner/work/PMalert/PMalert/status_latest_slim.csv with 1,618 rows
[2026-07-24 08:11:39] Working dir: /home/runner/work/PMalert/PMalert
[2026-07-24 08:11:39] Fetching stations via getStations…
[2026-07-24 08:11:52] Fetching status for 1763 stations (concurrency=20)…
[2026-07-24 08:12:19] Fetching load for 1763 stations (concurrency=20)…
[2026-07-24 08:12:41] Wrote /home/runner/work/PMalert/PMalert/alerts_unreachable_gt24.json with 170 alert(s)
[2026-07-24 08:12:41] Wrote /home/runner/work/PMalert/PMalert/unreachable_event_counts.csv with 1,763 rows
[2026-07-24 08:12:41] Wrote /home/runner/work/PMalert/PMalert/unreachable_new.csv — 339 distinct Level 2 chargers unreachable so far this week (2026-W30)
[2026-07-24 08:12:41] Wrote /home/runner/work/PMalert/PMalert/pm_new.csv — 0 distinct Level 3 power module faults so far this week (2026-W30)
[2026-07-24 08:12:41] Wrote /home/runner/work/PMalert/PMalert/status_latest_slim.csv with 1,618 rows
[2026-07-24 13:21:21] Working dir: /home/runner/work/PMalert/PMalert
[2026-07-24 13:21:21] Fetching stations via getStations…
[2026-07-24 13:21:32] Fetching status for 1763 stations (concurrency=20)…
[2026-07-24 13:21:58] Fetching load for 1763 stations (concurrency=20)…
[2026-07-24 13:22:22] Wrote /home/runner/work/PMalert/PMalert/alerts_unreachable_gt24.json with 170 alert(s)
[2026-07-24 13:22:22] Wrote /home/runner/work/PMalert/PMalert/unreachable_event_counts.csv with 1,763 rows
[2026-07-24 13:22:22] Wrote /home/runner/work/PMalert/PMalert/unreachable_new.csv — 406 distinct Level 2 chargers unreachable so far this week (2026-W30)
[2026-07-24 13:22:22] Wrote /home/runner/work/PMalert/PMalert/pm_new.csv — 0 distinct Level 3 power module faults so far this week (2026-W30)
[2026-07-24 13:22:22] Wrote /home/runner/work/PMalert/PMalert/status_latest_slim.csv with 1,618 rows
[2026-07-24 19:14:42] Working dir: /home/runner/work/PMalert/PMalert
[2026-07-24 19:14:42] Fetching stations via getStations…
[2026-07-24 19:14:54] Fetching status for 1763 stations (concurrency=20)…
[2026-07-24 19:15:31] Fetching load for 1763 stations (concurrency=20)…
[2026-07-24 19:16:06] Wrote /home/runner/work/PMalert/PMalert/alerts_unreachable_gt24.json with 169 alert(s)
[2026-07-24 19:16:06] Wrote /home/runner/work/PMalert/PMalert/unreachable_event_counts.csv with 1,763 rows
[2026-07-24 19:16:06] Wrote /home/runner/work/PMalert/PMalert/unreachable_new.csv — 409 distinct Level 2 chargers unreachable so far this week (2026-W30)
[2026-07-24 19:16:06] Wrote /home/runner/work/PMalert/PMalert/pm_new.csv — 2 distinct Level 3 power module faults so far this week (2026-W30)
[2026-07-24 19:16:06] Wrote /home/runner/work/PMalert/PMalert/status_latest_slim.csv with 1,618 rows
[2026-07-25 01:56:55] Working dir: /home/runner/work/PMalert/PMalert
[2026-07-25 01:56:55] Fetching stations via getStations…
[2026-07-25 01:57:07] Fetching status for 1763 stations (concurrency=20)…
[2026-07-25 01:57:30] Fetching load for 1763 stations (concurrency=20)…
[2026-07-25 01:57:51] Wrote /home/runner/work/PMalert/PMalert/alerts_unreachable_gt24.json with 175 alert(s)
[2026-07-25 01:57:51] Wrote /home/runner/work/PMalert/PMalert/unreachable_event_counts.csv with 1,763 rows
[2026-07-25 01:57:51] Wrote /home/runner/work/PMalert/PMalert/unreachable_new.csv — 413 distinct Level 2 chargers unreachable so far this week (2026-W30)
[2026-07-25 01:57:51] Wrote /home/runner/work/PMalert/PMalert/pm_new.csv — 2 distinct Level 3 power module faults so far this week (2026-W30)
[2026-07-25 01:57:51] Wrote /home/runner/work/PMalert/PMalert/status_latest_slim.csv with 1,618 rows
[2026-07-25 07:53:13] Working dir: /home/runner/work/PMalert/PMalert
[2026-07-25 07:53:13] Fetching stations via getStations…
[2026-07-25 07:53:24] Fetching status for 1763 stations (concurrency=20)…
[2026-07-25 07:53:45] Fetching load for 1763 stations (concurrency=20)…
[2026-07-25 07:54:03] Wrote /home/runner/work/PMalert/PMalert/alerts_unreachable_gt24.json with 176 alert(s)
[2026-07-25 07:54:03] Wrote /home/runner/work/PMalert/PMalert/unreachable_event_counts.csv with 1,763 rows
[2026-07-25 07:54:03] Wrote /home/runner/work/PMalert/PMalert/unreachable_new.csv — 416 distinct Level 2 chargers unreachable so far this week (2026-W30)
[2026-07-25 07:54:03] Wrote /home/runner/work/PMalert/PMalert/pm_new.csv — 2 distinct Level 3 power module faults so far this week (2026-W30)
[2026-07-25 07:54:03] Wrote /home/runner/work/PMalert/PMalert/status_latest_slim.csv with 1,618 rows
[2026-07-25 13:06:23] Working dir: /home/runner/work/PMalert/PMalert
[2026-07-25 13:06:23] Fetching stations via getStations…
[2026-07-25 13:06:36] Fetching status for 1763 stations (concurrency=20)…
[2026-07-25 13:06:56] Fetching load for 1763 stations (concurrency=20)…
[2026-07-25 13:07:15] Wrote /home/runner/work/PMalert/PMalert/alerts_unreachable_gt24.json with 182 alert(s)
[2026-07-25 13:07:16] Wrote /home/runner/work/PMalert/PMalert/unreachable_event_counts.csv with 1,763 rows
[2026-07-25 13:07:16] Wrote /home/runner/work/PMalert/PMalert/unreachable_new.csv — 427 distinct Level 2 chargers unreachable so far this week (2026-W30)
[2026-07-25 13:07:16] Wrote /home/runner/work/PMalert/PMalert/pm_new.csv — 2 distinct Level 3 power module faults so far this week (2026-W30)
[2026-07-25 13:07:16] Wrote /home/runner/work/PMalert/PMalert/status_latest_slim.csv with 1,618 rows
[2026-07-25 18:56:03] Working dir: /home/runner/work/PMalert/PMalert
[2026-07-25 18:56:03] Fetching stations via getStations…
[2026-07-25 18:56:16] Fetching status for 1763 stations (concurrency=20)…
[2026-07-25 18:56:37] Fetching load for 1763 stations (concurrency=20)…
[2026-07-25 18:56:57] Wrote /home/runner/work/PMalert/PMalert/alerts_unreachable_gt24.json with 181 alert(s)
[2026-07-25 18:56:57] Wrote /home/runner/work/PMalert/PMalert/unreachable_event_counts.csv with 1,763 rows
[2026-07-25 18:56:57] Wrote /home/runner/work/PMalert/PMalert/unreachable_new.csv — 431 distinct Level 2 chargers unreachable so far this week (2026-W30)
[2026-07-25 18:56:57] Wrote /home/runner/work/PMalert/PMalert/pm_new.csv — 2 distinct Level 3 power module faults so far this week (2026-W30)
[2026-07-25 18:56:57] Wrote /home/runner/work/PMalert/PMalert/status_latest_slim.csv with 1,618 rows
[2026-07-26 02:01:09] Working dir: /home/runner/work/PMalert/PMalert
[2026-07-26 02:01:09] Fetching stations via getStations…
[2026-07-26 02:01:23] Fetching status for 1763 stations (concurrency=20)…
[2026-07-26 02:01:47] Fetching load for 1763 stations (concurrency=20)…
[2026-07-26 02:02:09] Wrote /home/runner/work/PMalert/PMalert/alerts_unreachable_gt24.json with 180 alert(s)
[2026-07-26 02:02:09] Wrote /home/runner/work/PMalert/PMalert/unreachable_event_counts.csv with 1,763 rows
[2026-07-26 02:02:09] Wrote /home/runner/work/PMalert/PMalert/unreachable_new.csv — 431 distinct Level 2 chargers unreachable so far this week (2026-W30)
[2026-07-26 02:02:09] Wrote /home/runner/work/PMalert/PMalert/pm_new.csv — 2 distinct Level 3 power module faults so far this week (2026-W30)
[2026-07-26 02:02:09] Wrote /home/runner/work/PMalert/PMalert/status_latest_slim.csv with 1,618 rows
[2026-07-26 08:11:55] Working dir: /home/runner/work/PMalert/PMalert
[2026-07-26 08:11:55] Fetching stations via getStations…
[2026-07-26 08:12:06] Fetching status for 1763 stations (concurrency=20)…
[2026-07-26 08:12:26] Fetching load for 1763 stations (concurrency=20)…
[2026-07-26 08:12:43] Wrote /home/runner/work/PMalert/PMalert/alerts_unreachable_gt24.json with 176 alert(s)
[2026-07-26 08:12:43] Wrote /home/runner/work/PMalert/PMalert/unreachable_event_counts.csv with 1,763 rows
[2026-07-26 08:12:43] Wrote /home/runner/work/PMalert/PMalert/unreachable_new.csv — 431 distinct Level 2 chargers unreachable so far this week (2026-W30)
[2026-07-26 08:12:43] Wrote /home/runner/work/PMalert/PMalert/pm_new.csv — 2 distinct Level 3 power module faults so far this week (2026-W30)
[2026-07-26 08:12:43] Wrote /home/runner/work/PMalert/PMalert/status_latest_slim.csv with 1,618 rows
[2026-07-26 13:02:54] Working dir: /home/runner/work/PMalert/PMalert
[2026-07-26 13:02:54] Fetching stations via getStations…
[2026-07-26 13:03:05] Fetching status for 1763 stations (concurrency=20)…
[2026-07-26 13:03:26] Fetching load for 1763 stations (concurrency=20)…
[2026-07-26 13:03:45] Wrote /home/runner/work/PMalert/PMalert/alerts_unreachable_gt24.json with 177 alert(s)
[2026-07-26 13:03:45] Wrote /home/runner/work/PMalert/PMalert/unreachable_event_counts.csv with 1,763 rows
[2026-07-26 13:03:45] Wrote /home/runner/work/PMalert/PMalert/unreachable_new.csv — 439 distinct Level 2 chargers unreachable so far this week (2026-W30)
[2026-07-26 13:03:45] Wrote /home/runner/work/PMalert/PMalert/pm_new.csv — 2 distinct Level 3 power module faults so far this week (2026-W30)
[2026-07-26 13:03:45] Wrote /home/runner/work/PMalert/PMalert/status_latest_slim.csv with 1,618 rows
[2026-07-26 18:59:56] Working dir: /home/runner/work/PMalert/PMalert
[2026-07-26 18:59:56] Fetching stations via getStations…
[2026-07-26 19:00:08] Fetching status for 1763 stations (concurrency=20)…
[2026-07-26 19:00:37] Fetching load for 1763 stations (concurrency=20)…
[2026-07-26 19:00:58] Wrote /home/runner/work/PMalert/PMalert/alerts_unreachable_gt24.json with 177 alert(s)
[2026-07-26 19:00:58] Wrote /home/runner/work/PMalert/PMalert/unreachable_event_counts.csv with 1,763 rows
[2026-07-26 19:00:58] Wrote /home/runner/work/PMalert/PMalert/unreachable_new.csv — 440 distinct Level 2 chargers unreachable so far this week (2026-W30)
[2026-07-26 19:00:58] Wrote /home/runner/work/PMalert/PMalert/pm_new.csv — 2 distinct Level 3 power module faults so far this week (2026-W30)
[2026-07-26 19:00:58] Wrote /home/runner/work/PMalert/PMalert/status_latest_slim.csv with 1,618 rows
[2026-07-27 02:08:56] Working dir: /home/runner/work/PMalert/PMalert
[2026-07-27 02:08:56] Fetching stations via getStations…
[2026-07-27 02:09:09] Fetching status for 1763 stations (concurrency=20)…
[2026-07-27 02:09:33] Fetching load for 1763 stations (concurrency=20)…
[2026-07-27 02:09:57] Wrote /home/runner/work/PMalert/PMalert/alerts_unreachable_gt24.json with 184 alert(s)
[2026-07-27 02:09:57] Wrote /home/runner/work/PMalert/PMalert/unreachable_event_counts.csv with 1,763 rows
[2026-07-27 02:09:57] New week detected (2026-W30 -> 2026-W31); archived last week's totals and reset counters.
[2026-07-27 02:09:57] Wrote /home/runner/work/PMalert/PMalert/unreachable_new.csv — 202 distinct Level 2 chargers unreachable so far this week (2026-W31)
[2026-07-27 02:09:57] Wrote /home/runner/work/PMalert/PMalert/pm_new.csv — 2 distinct Level 3 power module faults so far this week (2026-W31)
[2026-07-27 02:09:57] Wrote /home/runner/work/PMalert/PMalert/status_latest_slim.csv with 1,618 rows
[2026-07-27 09:35:32] Working dir: /home/runner/work/PMalert/PMalert
[2026-07-27 09:35:32] Fetching stations via getStations…
[2026-07-27 09:35:44] Fetching status for 1763 stations (concurrency=20)…
[2026-07-27 09:36:14] Fetching load for 1763 stations (concurrency=20)…
[2026-07-27 09:36:38] Wrote /home/runner/work/PMalert/PMalert/alerts_unreachable_gt24.json with 176 alert(s)
[2026-07-27 09:36:38] Wrote /home/runner/work/PMalert/PMalert/unreachable_event_counts.csv with 1,763 rows
[2026-07-27 09:36:38] Wrote /home/runner/work/PMalert/PMalert/unreachable_new.csv — 210 distinct Level 2 chargers unreachable so far this week (2026-W31)
[2026-07-27 09:36:38] Wrote /home/runner/work/PMalert/PMalert/pm_new.csv — 2 distinct Level 3 power module faults so far this week (2026-W31)
[2026-07-27 09:36:38] Wrote /home/runner/work/PMalert/PMalert/status_latest_slim.csv with 1,618 rows
[2026-07-27 14:14:13] Working dir: /home/runner/work/PMalert/PMalert
[2026-07-27 14:14:13] Fetching stations via getStations…
[2026-07-27 14:14:25] Fetching status for 1763 stations (concurrency=20)…
[2026-07-27 14:14:52] Fetching load for 1763 stations (concurrency=20)…
[2026-07-27 14:15:26] Wrote /home/runner/work/PMalert/PMalert/alerts_unreachable_gt24.json with 175 alert(s)
[2026-07-27 14:15:26] Wrote /home/runner/work/PMalert/PMalert/unreachable_event_counts.csv with 1,763 rows
[2026-07-27 14:15:26] Wrote /home/runner/work/PMalert/PMalert/unreachable_new.csv — 227 distinct Level 2 chargers unreachable so far this week (2026-W31)
[2026-07-27 14:15:26] Wrote /home/runner/work/PMalert/PMalert/pm_new.csv — 2 distinct Level 3 power module faults so far this week (2026-W31)
[2026-07-27 14:15:26] Wrote /home/runner/work/PMalert/PMalert/status_latest_slim.csv with 1,618 rows
[2026-07-27 19:15:37] Working dir: /home/runner/work/PMalert/PMalert
[2026-07-27 19:15:37] Fetching stations via getStations…
[2026-07-27 19:16:01] Fetching status for 1763 stations (concurrency=20)…
[2026-07-27 19:16:55] Fetching load for 1763 stations (concurrency=20)…
[2026-07-27 19:17:23] Wrote /home/runner/work/PMalert/PMalert/alerts_unreachable_gt24.json with 174 alert(s)
[2026-07-27 19:17:23] Wrote /home/runner/work/PMalert/PMalert/unreachable_event_counts.csv with 1,763 rows
[2026-07-27 19:17:23] Wrote /home/runner/work/PMalert/PMalert/unreachable_new.csv — 240 distinct Level 2 chargers unreachable so far this week (2026-W31)
[2026-07-27 19:17:23] Wrote /home/runner/work/PMalert/PMalert/pm_new.csv — 2 distinct Level 3 power module faults so far this week (2026-W31)
[2026-07-27 19:17:23] Wrote /home/runner/work/PMalert/PMalert/status_latest_slim.csv with 1,618 rows
[2026-07-28 01:50:49] Working dir: /home/runner/work/PMalert/PMalert
[2026-07-28 01:50:49] Fetching stations via getStations…
[2026-07-28 01:51:05] Fetching status for 1763 stations (concurrency=20)…
[2026-07-28 01:51:31] Fetching load for 1763 stations (concurrency=20)…
[2026-07-28 01:51:55] Wrote /home/runner/work/PMalert/PMalert/alerts_unreachable_gt24.json with 173 alert(s)
[2026-07-28 01:51:55] Wrote /home/runner/work/PMalert/PMalert/unreachable_event_counts.csv with 1,763 rows
[2026-07-28 01:51:55] Wrote /home/runner/work/PMalert/PMalert/unreachable_new.csv — 254 distinct Level 2 chargers unreachable so far this week (2026-W31)
[2026-07-28 01:51:55] Wrote /home/runner/work/PMalert/PMalert/pm_new.csv — 2 distinct Level 3 power module faults so far this week (2026-W31)
[2026-07-28 01:51:55] Wrote /home/runner/work/PMalert/PMalert/status_latest_slim.csv with 1,618 rows
[2026-07-28 08:19:49] Working dir: /home/runner/work/PMalert/PMalert
[2026-07-28 08:19:49] Fetching stations via getStations…
[2026-07-28 08:20:04] Fetching status for 1763 stations (concurrency=20)…
[2026-07-28 08:20:28] Fetching load for 1763 stations (concurrency=20)…
[2026-07-28 08:20:45] Wrote /home/runner/work/PMalert/PMalert/alerts_unreachable_gt24.json with 167 alert(s)
[2026-07-28 08:20:45] Wrote /home/runner/work/PMalert/PMalert/unreachable_event_counts.csv with 1,763 rows
[2026-07-28 08:20:45] Wrote /home/runner/work/PMalert/PMalert/unreachable_new.csv — 258 distinct Level 2 chargers unreachable so far this week (2026-W31)
[2026-07-28 08:20:45] Wrote /home/runner/work/PMalert/PMalert/pm_new.csv — 2 distinct Level 3 power module faults so far this week (2026-W31)
[2026-07-28 08:20:45] Wrote /home/runner/work/PMalert/PMalert/status_latest_slim.csv with 1,618 rows
[2026-07-28 13:45:30] Working dir: /home/runner/work/PMalert/PMalert
[2026-07-28 13:45:30] Fetching stations via getStations…
[2026-07-28 13:45:42] Fetching status for 1763 stations (concurrency=20)…
[2026-07-28 13:46:24] Fetching load for 1763 stations (concurrency=20)…
[2026-07-28 13:46:49] Wrote /home/runner/work/PMalert/PMalert/alerts_unreachable_gt24.json with 168 alert(s)
[2026-07-28 13:46:49] Wrote /home/runner/work/PMalert/PMalert/unreachable_event_counts.csv with 1,763 rows
[2026-07-28 13:46:49] Wrote /home/runner/work/PMalert/PMalert/unreachable_new.csv — 263 distinct Level 2 chargers unreachable so far this week (2026-W31)
[2026-07-28 13:46:49] Wrote /home/runner/work/PMalert/PMalert/pm_new.csv — 2 distinct Level 3 power module faults so far this week (2026-W31)
[2026-07-28 13:46:49] Wrote /home/runner/work/PMalert/PMalert/status_latest_slim.csv with 1,618 rows
[2026-07-28 19:11:21] Working dir: /home/runner/work/PMalert/PMalert
[2026-07-28 19:11:21] Fetching stations via getStations…
[2026-07-28 19:11:32] Fetching status for 1763 stations (concurrency=20)…
[2026-07-28 19:11:55] Fetching load for 1763 stations (concurrency=20)…
[2026-07-28 19:12:15] Wrote /home/runner/work/PMalert/PMalert/alerts_unreachable_gt24.json with 163 alert(s)
[2026-07-28 19:12:15] Wrote /home/runner/work/PMalert/PMalert/unreachable_event_counts.csv with 1,763 rows
[2026-07-28 19:12:15] Wrote /home/runner/work/PMalert/PMalert/unreachable_new.csv — 266 distinct Level 2 chargers unreachable so far this week (2026-W31)
[2026-07-28 19:12:15] Wrote /home/runner/work/PMalert/PMalert/pm_new.csv — 2 distinct Level 3 power module faults so far this week (2026-W31)
[2026-07-28 19:12:15] Wrote /home/runner/work/PMalert/PMalert/status_latest_slim.csv with 1,618 rows
[2026-07-29 01:52:22] Working dir: /home/runner/work/PMalert/PMalert
[2026-07-29 01:52:22] Fetching stations via getStations…
[2026-07-29 01:52:33] Fetching status for 1763 stations (concurrency=20)…
[2026-07-29 01:52:55] Fetching load for 1763 stations (concurrency=20)…
[2026-07-29 01:53:14] Wrote /home/runner/work/PMalert/PMalert/alerts_unreachable_gt24.json with 167 alert(s)
[2026-07-29 01:53:14] Wrote /home/runner/work/PMalert/PMalert/unreachable_event_counts.csv with 1,763 rows
[2026-07-29 01:53:14] Wrote /home/runner/work/PMalert/PMalert/unreachable_new.csv — 274 distinct Level 2 chargers unreachable so far this week (2026-W31)
[2026-07-29 01:53:14] Wrote /home/runner/work/PMalert/PMalert/pm_new.csv — 2 distinct Level 3 power module faults so far this week (2026-W31)
[2026-07-29 01:53:14] Wrote /home/runner/work/PMalert/PMalert/status_latest_slim.csv with 1,618 rows
[2026-07-29 08:25:07] Working dir: /home/runner/work/PMalert/PMalert
[2026-07-29 08:25:07] Fetching stations via getStations…
[2026-07-29 08:25:22] Fetching status for 1763 stations (concurrency=20)…
[2026-07-29 08:25:47] Fetching load for 1763 stations (concurrency=20)…
[2026-07-29 08:26:17] Wrote /home/runner/work/PMalert/PMalert/alerts_unreachable_gt24.json with 170 alert(s)
[2026-07-29 08:26:17] Wrote /home/runner/work/PMalert/PMalert/unreachable_event_counts.csv with 1,763 rows
[2026-07-29 08:26:17] Wrote /home/runner/work/PMalert/PMalert/unreachable_new.csv — 281 distinct Level 2 chargers unreachable so far this week (2026-W31)
[2026-07-29 08:26:17] Wrote /home/runner/work/PMalert/PMalert/pm_new.csv — 2 distinct Level 3 power module faults so far this week (2026-W31)
[2026-07-29 08:26:17] Wrote /home/runner/work/PMalert/PMalert/status_latest_slim.csv with 1,618 rows
[2026-07-29 13:50:24] Working dir: /home/runner/work/PMalert/PMalert
[2026-07-29 13:50:24] Fetching stations via getStations…
[2026-07-29 13:50:36] Fetching status for 1763 stations (concurrency=20)…
[2026-07-29 13:51:13] Fetching load for 1763 stations (concurrency=20)…
[2026-07-29 13:51:38] Wrote /home/runner/work/PMalert/PMalert/alerts_unreachable_gt24.json with 173 alert(s)
[2026-07-29 13:51:38] Wrote /home/runner/work/PMalert/PMalert/unreachable_event_counts.csv with 1,763 rows
[2026-07-29 13:51:38] Wrote /home/runner/work/PMalert/PMalert/unreachable_new.csv — 299 distinct Level 2 chargers unreachable so far this week (2026-W31)
[2026-07-29 13:51:38] Wrote /home/runner/work/PMalert/PMalert/pm_new.csv — 2 distinct Level 3 power module faults so far this week (2026-W31)
[2026-07-29 13:51:38] Wrote /home/runner/work/PMalert/PMalert/status_latest_slim.csv with 1,618 rows
[2026-07-29 19:01:22] Working dir: /home/runner/work/PMalert/PMalert
[2026-07-29 19:01:22] Fetching stations via getStations…
[2026-07-29 19:01:34] Fetching status for 1763 stations (concurrency=20)…
[2026-07-29 19:01:56] Fetching load for 1763 stations (concurrency=20)…
[2026-07-29 19:02:20] Wrote /home/runner/work/PMalert/PMalert/alerts_unreachable_gt24.json with 167 alert(s)
[2026-07-29 19:02:20] Wrote /home/runner/work/PMalert/PMalert/unreachable_event_counts.csv with 1,763 rows
[2026-07-29 19:02:20] Wrote /home/runner/work/PMalert/PMalert/unreachable_new.csv — 307 distinct Level 2 chargers unreachable so far this week (2026-W31)
[2026-07-29 19:02:20] Wrote /home/runner/work/PMalert/PMalert/pm_new.csv — 2 distinct Level 3 power module faults so far this week (2026-W31)
[2026-07-29 19:02:20] Wrote /home/runner/work/PMalert/PMalert/status_latest_slim.csv with 1,618 rows
[2026-07-30 01:45:10] Working dir: /home/runner/work/PMalert/PMalert
[2026-07-30 01:45:10] Fetching stations via getStations…
[2026-07-30 01:45:22] Fetching status for 1764 stations (concurrency=20)…
[2026-07-30 01:45:47] Fetching load for 1764 stations (concurrency=20)…
[2026-07-30 01:46:14] Wrote /home/runner/work/PMalert/PMalert/alerts_unreachable_gt24.json with 171 alert(s)
[2026-07-30 01:46:14] Wrote /home/runner/work/PMalert/PMalert/unreachable_event_counts.csv with 1,764 rows
[2026-07-30 01:46:14] Wrote /home/runner/work/PMalert/PMalert/unreachable_new.csv — 320 distinct Level 2 chargers unreachable so far this week (2026-W31)
[2026-07-30 01:46:14] Wrote /home/runner/work/PMalert/PMalert/pm_new.csv — 2 distinct Level 3 power module faults so far this week (2026-W31)
[2026-07-30 01:46:14] Wrote /home/runner/work/PMalert/PMalert/status_latest_slim.csv with 1,619 rows
[2026-07-30 08:10:42] Working dir: /home/runner/work/PMalert/PMalert
[2026-07-30 08:10:42] Fetching stations via getStations…
[2026-07-30 08:10:52] Fetching status for 1764 stations (concurrency=20)…
[2026-07-30 08:11:16] Fetching load for 1764 stations (concurrency=20)…
[2026-07-30 08:11:33] Wrote /home/runner/work/PMalert/PMalert/alerts_unreachable_gt24.json with 171 alert(s)
[2026-07-30 08:11:33] Wrote /home/runner/work/PMalert/PMalert/unreachable_event_counts.csv with 1,764 rows
[2026-07-30 08:11:33] Wrote /home/runner/work/PMalert/PMalert/unreachable_new.csv — 321 distinct Level 2 chargers unreachable so far this week (2026-W31)
[2026-07-30 08:11:33] Wrote /home/runner/work/PMalert/PMalert/pm_new.csv — 2 distinct Level 3 power module faults so far this week (2026-W31)
[2026-07-30 08:11:33] Wrote /home/runner/work/PMalert/PMalert/status_latest_slim.csv with 1,619 rows
[2026-07-30 13:41:21] Working dir: /home/runner/work/PMalert/PMalert
[2026-07-30 13:41:21] Fetching stations via getStations…
[2026-07-30 13:41:32] Fetching status for 1764 stations (concurrency=20)…
[2026-07-30 13:41:53] Fetching load for 1764 stations (concurrency=20)…
[2026-07-30 13:42:13] Wrote /home/runner/work/PMalert/PMalert/alerts_unreachable_gt24.json with 171 alert(s)
[2026-07-30 13:42:13] Wrote /home/runner/work/PMalert/PMalert/unreachable_event_counts.csv with 1,764 rows
[2026-07-30 13:42:13] Wrote /home/runner/work/PMalert/PMalert/unreachable_new.csv — 324 distinct Level 2 chargers unreachable so far this week (2026-W31)
[2026-07-30 13:42:13] Wrote /home/runner/work/PMalert/PMalert/pm_new.csv — 2 distinct Level 3 power module faults so far this week (2026-W31)
[2026-07-30 13:42:13] Wrote /home/runner/work/PMalert/PMalert/status_latest_slim.csv with 1,619 rows
[2026-07-30 19:12:52] Working dir: /home/runner/work/PMalert/PMalert
[2026-07-30 19:12:52] Fetching stations via getStations…
[2026-07-30 19:13:05] Fetching status for 1764 stations (concurrency=20)…
[2026-07-30 19:13:32] Fetching load for 1764 stations (concurrency=20)…
[2026-07-30 19:13:59] Wrote /home/runner/work/PMalert/PMalert/alerts_unreachable_gt24.json with 170 alert(s)
[2026-07-30 19:13:59] Wrote /home/runner/work/PMalert/PMalert/unreachable_event_counts.csv with 1,764 rows
[2026-07-30 19:13:59] Wrote /home/runner/work/PMalert/PMalert/unreachable_new.csv — 328 distinct Level 2 chargers unreachable so far this week (2026-W31)
[2026-07-30 19:13:59] Wrote /home/runner/work/PMalert/PMalert/pm_new.csv — 2 distinct Level 3 power module faults so far this week (2026-W31)
[2026-07-30 19:13:59] Wrote /home/runner/work/PMalert/PMalert/status_latest_slim.csv with 1,619 rows
[2026-07-31 02:02:28] Working dir: /home/runner/work/PMalert/PMalert
[2026-07-31 02:02:28] Fetching stations via getStations…
[2026-07-31 02:02:40] Fetching status for 1764 stations (concurrency=20)…
[2026-07-31 02:03:09] Fetching load for 1764 stations (concurrency=20)…
[2026-07-31 02:03:35] Wrote /home/runner/work/PMalert/PMalert/alerts_unreachable_gt24.json with 176 alert(s)
[2026-07-31 02:03:35] Wrote /home/runner/work/PMalert/PMalert/unreachable_event_counts.csv with 1,764 rows
[2026-07-31 02:03:35] Wrote /home/runner/work/PMalert/PMalert/unreachable_new.csv — 333 distinct Level 2 chargers unreachable so far this week (2026-W31)
[2026-07-31 02:03:35] Wrote /home/runner/work/PMalert/PMalert/pm_new.csv — 2 distinct Level 3 power module faults so far this week (2026-W31)
[2026-07-31 02:03:35] Wrote /home/runner/work/PMalert/PMalert/status_latest_slim.csv with 1,619 rows
[2026-07-31 08:37:48] Working dir: /home/runner/work/PMalert/PMalert
[2026-07-31 08:37:48] Fetching stations via getStations…
[2026-07-31 08:37:59] Fetching status for 1764 stations (concurrency=20)…
[2026-07-31 08:38:22] Fetching load for 1764 stations (concurrency=20)…
[2026-07-31 08:38:40] Wrote /home/runner/work/PMalert/PMalert/alerts_unreachable_gt24.json with 177 alert(s)
[2026-07-31 08:38:40] Wrote /home/runner/work/PMalert/PMalert/unreachable_event_counts.csv with 1,764 rows
[2026-07-31 08:38:40] Wrote /home/runner/work/PMalert/PMalert/unreachable_new.csv — 335 distinct Level 2 chargers unreachable so far this week (2026-W31)
[2026-07-31 08:38:40] Wrote /home/runner/work/PMalert/PMalert/pm_new.csv — 2 distinct Level 3 power module faults so far this week (2026-W31)
[2026-07-31 08:38:40] Wrote /home/runner/work/PMalert/PMalert/status_latest_slim.csv with 1,619 rows
[2026-07-31 13:45:41] Working dir: /home/runner/work/PMalert/PMalert
[2026-07-31 13:45:41] Fetching stations via getStations…
[2026-07-31 13:45:52] Fetching status for 1764 stations (concurrency=20)…
[2026-07-31 13:46:27] Fetching load for 1764 stations (concurrency=20)…
[2026-07-31 13:46:50] Wrote /home/runner/work/PMalert/PMalert/alerts_unreachable_gt24.json with 177 alert(s)
[2026-07-31 13:46:50] Wrote /home/runner/work/PMalert/PMalert/unreachable_event_counts.csv with 1,764 rows
[2026-07-31 13:46:50] Wrote /home/runner/work/PMalert/PMalert/unreachable_new.csv — 335 distinct Level 2 chargers unreachable so far this week (2026-W31)
[2026-07-31 13:46:50] Wrote /home/runner/work/PMalert/PMalert/pm_new.csv — 2 distinct Level 3 power module faults so far this week (2026-W31)
[2026-07-31 13:46:50] Wrote /home/runner/work/PMalert/PMalert/status_latest_slim.csv with 1,619 rows
